Component: ARM Compiler 5.06 update 5 (build 528) Tool: armlink [4d35e2]

==============================================================================

Section Cross References

    tastierproject.o(TastierProject) refers (Special) to tastiersupport.o(.text) for TastierDiv
    tastierproject.o(TastierProject) refers to tastierproject.o(Memory) for globals
    tastierproject.o(Memory) refers (Special) to tastiersupport.o(.text) for TastierDiv
    lpc2400.o(RESET) refers to serial.o(.text) for init_serial
    lpc2400.o(RESET) refers to lpc2400.o(STACK) for Stack_Top
    lpc2400.o(RESET) refers to entry.o(.ARM.Collect$$$$00000000) for __main
    tastiersupport.o(.text) refers to _scanf_int.o(.text) for _scanf_int
    tastiersupport.o(.text) refers to sidiv.o(.text) for div
    tastiersupport.o(.text) refers to printf3.o(i.__0printf$3) for __2printf
    tastiersupport.o(.text) refers to __0scanf.o(.text) for __0scanf
    retarget.o(.text) refers to serial.o(.text) for sendchar
    entry.o(.ARM.Collect$$$$00000000) refers (Special) to entry10a.o(.ARM.Collect$$$$0000000D) for __rt_final_cpp
    entry.o(.ARM.Collect$$$$00000000) refers (Special) to entry11a.o(.ARM.Collect$$$$0000000F) for __rt_final_exit
    entry.o(.ARM.Collect$$$$00000000) refers (Special) to entry7b.o(.ARM.Collect$$$$00000008) for _main_clock
    entry.o(.ARM.Collect$$$$00000000) refers (Special) to entry8b.o(.ARM.Collect$$$$0000000A) for _main_cpp_init
    entry.o(.ARM.Collect$$$$00000000) refers (Special) to entry9a.o(.ARM.Collect$$$$0000000B) for _main_init
    entry.o(.ARM.Collect$$$$00000000) refers (Special) to entry5.o(.ARM.Collect$$$$00000004) for _main_scatterload
    entry.o(.ARM.Collect$$$$00000000) refers (Special) to entry2.o(.ARM.Collect$$$$00000001) for _main_stk
    sidiv.o(.text) refers to idiv.o(.text) for __aeabi_idivmod
    ildiv.o(.text) refers to idiv.o(.text) for __aeabi_idivmod
    printfb.o(i.__0fprintf$bare) refers to printfb.o(i._printf_core) for _printf_core
    printfb.o(i.__0fprintf$bare) refers to retarget.o(.text) for fputc
    printfb.o(i.__0printf$bare) refers to printfb.o(i._printf_core) for _printf_core
    printfb.o(i.__0printf$bare) refers to retarget.o(.text) for fputc
    printfb.o(i.__0printf$bare) refers to retarget.o(.data) for __stdout
    printfb.o(i.__0snprintf$bare) refers to printfb.o(i._printf_core) for _printf_core
    printfb.o(i.__0snprintf$bare) refers to printfb.o(i._snputc) for _snputc
    printfb.o(i.__0sprintf$bare) refers to printfb.o(i._printf_core) for _printf_core
    printfb.o(i.__0sprintf$bare) refers to printfb.o(i._sputc) for _sputc
    printfb.o(i.__0vfprintf$bare) refers to printfb.o(i._printf_core) for _printf_core
    printfb.o(i.__0vfprintf$bare) refers to retarget.o(.text) for fputc
    printfb.o(i.__0vprintf$bare) refers to printfb.o(i._printf_core) for _printf_core
    printfb.o(i.__0vprintf$bare) refers to retarget.o(.text) for fputc
    printfb.o(i.__0vprintf$bare) refers to retarget.o(.data) for __stdout
    printfb.o(i.__0vsnprintf$bare) refers to printfb.o(i._printf_core) for _printf_core
    printfb.o(i.__0vsnprintf$bare) refers to printfb.o(i._snputc) for _snputc
    printfb.o(i.__0vsprintf$bare) refers to printfb.o(i._printf_core) for _printf_core
    printfb.o(i.__0vsprintf$bare) refers to printfb.o(i._sputc) for _sputc
    printfb.o(i._printf_core) refers to printfb.o(i.__ARM_common_call_via_r6) for __ARM_common_call_via_r6
    printf0.o(i.__0fprintf$0) refers to printf0.o(i._printf_core) for _printf_core
    printf0.o(i.__0fprintf$0) refers to retarget.o(.text) for fputc
    printf0.o(i.__0printf$0) refers to printf0.o(i._printf_core) for _printf_core
    printf0.o(i.__0printf$0) refers to retarget.o(.text) for fputc
    printf0.o(i.__0printf$0) refers to retarget.o(.data) for __stdout
    printf0.o(i.__0snprintf$0) refers to printf0.o(i._printf_core) for _printf_core
    printf0.o(i.__0snprintf$0) refers to printf0.o(i._snputc) for _snputc
    printf0.o(i.__0sprintf$0) refers to printf0.o(i._printf_core) for _printf_core
    printf0.o(i.__0sprintf$0) refers to printf0.o(i._sputc) for _sputc
    printf0.o(i.__0vfprintf$0) refers to printf0.o(i._printf_core) for _printf_core
    printf0.o(i.__0vfprintf$0) refers to retarget.o(.text) for fputc
    printf0.o(i.__0vprintf$0) refers to printf0.o(i._printf_core) for _printf_core
    printf0.o(i.__0vprintf$0) refers to retarget.o(.text) for fputc
    printf0.o(i.__0vprintf$0) refers to retarget.o(.data) for __stdout
    printf0.o(i.__0vsnprintf$0) refers to printf0.o(i._printf_core) for _printf_core
    printf0.o(i.__0vsnprintf$0) refers to printf0.o(i._snputc) for _snputc
    printf0.o(i.__0vsprintf$0) refers to printf0.o(i._printf_core) for _printf_core
    printf0.o(i.__0vsprintf$0) refers to printf0.o(i._sputc) for _sputc
    printf0.o(i._printf_core) refers to printfb.o(i.__ARM_common_call_via_r6) for __ARM_common_call_via_r6
    printf1.o(i.__0fprintf$1) refers to printf1.o(i._printf_core) for _printf_core
    printf1.o(i.__0fprintf$1) refers to retarget.o(.text) for fputc
    printf1.o(i.__0printf$1) refers to printf1.o(i._printf_core) for _printf_core
    printf1.o(i.__0printf$1) refers to retarget.o(.text) for fputc
    printf1.o(i.__0printf$1) refers to retarget.o(.data) for __stdout
    printf1.o(i.__0snprintf$1) refers to printf1.o(i._printf_core) for _printf_core
    printf1.o(i.__0snprintf$1) refers to printf1.o(i._snputc) for _snputc
    printf1.o(i.__0sprintf$1) refers to printf1.o(i._printf_core) for _printf_core
    printf1.o(i.__0sprintf$1) refers to printf1.o(i._sputc) for _sputc
    printf1.o(i.__0vfprintf$1) refers to printf1.o(i._printf_core) for _printf_core
    printf1.o(i.__0vfprintf$1) refers to retarget.o(.text) for fputc
    printf1.o(i.__0vprintf$1) refers to printf1.o(i._printf_core) for _printf_core
    printf1.o(i.__0vprintf$1) refers to retarget.o(.text) for fputc
    printf1.o(i.__0vprintf$1) refers to retarget.o(.data) for __stdout
    printf1.o(i.__0vsnprintf$1) refers to printf1.o(i._printf_core) for _printf_core
    printf1.o(i.__0vsnprintf$1) refers to printf1.o(i._snputc) for _snputc
    printf1.o(i.__0vsprintf$1) refers to printf1.o(i._printf_core) for _printf_core
    printf1.o(i.__0vsprintf$1) refers to printf1.o(i._sputc) for _sputc
    printf1.o(i._printf_core) refers to printf1.o(i.__ARM_common_call_via_r2) for __ARM_common_call_via_r2
    printf1.o(i._printf_core) refers to uidiv.o(.text) for __aeabi_uidivmod
    printf2.o(i.__0fprintf$2) refers to printf2.o(i._printf_core) for _printf_core
    printf2.o(i.__0fprintf$2) refers to retarget.o(.text) for fputc
    printf2.o(i.__0printf$2) refers to printf2.o(i._printf_core) for _printf_core
    printf2.o(i.__0printf$2) refers to retarget.o(.text) for fputc
    printf2.o(i.__0printf$2) refers to retarget.o(.data) for __stdout
    printf2.o(i.__0snprintf$2) refers to printf2.o(i._printf_core) for _printf_core
    printf2.o(i.__0snprintf$2) refers to printf2.o(i._snputc) for _snputc
    printf2.o(i.__0sprintf$2) refers to printf2.o(i._printf_core) for _printf_core
    printf2.o(i.__0sprintf$2) refers to printf2.o(i._sputc) for _sputc
    printf2.o(i.__0vfprintf$2) refers to printf2.o(i._printf_core) for _printf_core
    printf2.o(i.__0vfprintf$2) refers to retarget.o(.text) for fputc
    printf2.o(i.__0vprintf$2) refers to printf2.o(i._printf_core) for _printf_core
    printf2.o(i.__0vprintf$2) refers to retarget.o(.text) for fputc
    printf2.o(i.__0vprintf$2) refers to retarget.o(.data) for __stdout
    printf2.o(i.__0vsnprintf$2) refers to printf2.o(i._printf_core) for _printf_core
    printf2.o(i.__0vsnprintf$2) refers to printf2.o(i._snputc) for _snputc
    printf2.o(i.__0vsprintf$2) refers to printf2.o(i._printf_core) for _printf_core
    printf2.o(i.__0vsprintf$2) refers to printf2.o(i._sputc) for _sputc
    printf2.o(i._printf_core) refers to printf1.o(i.__ARM_common_call_via_r2) for __ARM_common_call_via_r2
    printf3.o(i.__0fprintf$3) refers to printf3.o(i._printf_core) for _printf_core
    printf3.o(i.__0fprintf$3) refers to retarget.o(.text) for fputc
    printf3.o(i.__0printf$3) refers to printf3.o(i._printf_core) for _printf_core
    printf3.o(i.__0printf$3) refers to retarget.o(.text) for fputc
    printf3.o(i.__0printf$3) refers to retarget.o(.data) for __stdout
    printf3.o(i.__0snprintf$3) refers to printf3.o(i._printf_core) for _printf_core
    printf3.o(i.__0snprintf$3) refers to printf3.o(i._snputc) for _snputc
    printf3.o(i.__0sprintf$3) refers to printf3.o(i._printf_core) for _printf_core
    printf3.o(i.__0sprintf$3) refers to printf3.o(i._sputc) for _sputc
    printf3.o(i.__0vfprintf$3) refers to printf3.o(i._printf_core) for _printf_core
    printf3.o(i.__0vfprintf$3) refers to retarget.o(.text) for fputc
    printf3.o(i.__0vprintf$3) refers to printf3.o(i._printf_core) for _printf_core
    printf3.o(i.__0vprintf$3) refers to retarget.o(.text) for fputc
    printf3.o(i.__0vprintf$3) refers to retarget.o(.data) for __stdout
    printf3.o(i.__0vsnprintf$3) refers to printf3.o(i._printf_core) for _printf_core
    printf3.o(i.__0vsnprintf$3) refers to printf3.o(i._snputc) for _snputc
    printf3.o(i.__0vsprintf$3) refers to printf3.o(i._printf_core) for _printf_core
    printf3.o(i.__0vsprintf$3) refers to printf3.o(i._sputc) for _sputc
    printf3.o(i._printf_core) refers to printf1.o(i.__ARM_common_call_via_r2) for __ARM_common_call_via_r2
    printf3.o(i._printf_core) refers to uidiv.o(.text) for __aeabi_uidivmod
    printf4.o(i.__0fprintf$4) refers to printf4.o(i._printf_core) for _printf_core
    printf4.o(i.__0fprintf$4) refers to retarget.o(.text) for fputc
    printf4.o(i.__0printf$4) refers to printf4.o(i._printf_core) for _printf_core
    printf4.o(i.__0printf$4) refers to retarget.o(.text) for fputc
    printf4.o(i.__0printf$4) refers to retarget.o(.data) for __stdout
    printf4.o(i.__0snprintf$4) refers to printf4.o(i._printf_core) for _printf_core
    printf4.o(i.__0snprintf$4) refers to printf4.o(i._snputc) for _snputc
    printf4.o(i.__0sprintf$4) refers to printf4.o(i._printf_core) for _printf_core
    printf4.o(i.__0sprintf$4) refers to printf4.o(i._sputc) for _sputc
    printf4.o(i.__0vfprintf$4) refers to printf4.o(i._printf_core) for _printf_core
    printf4.o(i.__0vfprintf$4) refers to retarget.o(.text) for fputc
    printf4.o(i.__0vprintf$4) refers to printf4.o(i._printf_core) for _printf_core
    printf4.o(i.__0vprintf$4) refers to retarget.o(.text) for fputc
    printf4.o(i.__0vprintf$4) refers to retarget.o(.data) for __stdout
    printf4.o(i.__0vsnprintf$4) refers to printf4.o(i._printf_core) for _printf_core
    printf4.o(i.__0vsnprintf$4) refers to printf4.o(i._snputc) for _snputc
    printf4.o(i.__0vsprintf$4) refers to printf4.o(i._printf_core) for _printf_core
    printf4.o(i.__0vsprintf$4) refers to printf4.o(i._sputc) for _sputc
    printf4.o(i._printf_core) refers to printf1.o(i.__ARM_common_call_via_r2) for __ARM_common_call_via_r2
    printf4.o(i._printf_core) refers to uldiv.o(.text) for __aeabi_uldivmod
    printf5.o(i.__0fprintf$5) refers to printf5.o(i._printf_core) for _printf_core
    printf5.o(i.__0fprintf$5) refers to retarget.o(.text) for fputc
    printf5.o(i.__0printf$5) refers to printf5.o(i._printf_core) for _printf_core
    printf5.o(i.__0printf$5) refers to retarget.o(.text) for fputc
    printf5.o(i.__0printf$5) refers to retarget.o(.data) for __stdout
    printf5.o(i.__0snprintf$5) refers to printf5.o(i._printf_core) for _printf_core
    printf5.o(i.__0snprintf$5) refers to printf5.o(i._snputc) for _snputc
    printf5.o(i.__0sprintf$5) refers to printf5.o(i._printf_core) for _printf_core
    printf5.o(i.__0sprintf$5) refers to printf5.o(i._sputc) for _sputc
    printf5.o(i.__0vfprintf$5) refers to printf5.o(i._printf_core) for _printf_core
    printf5.o(i.__0vfprintf$5) refers to retarget.o(.text) for fputc
    printf5.o(i.__0vprintf$5) refers to printf5.o(i._printf_core) for _printf_core
    printf5.o(i.__0vprintf$5) refers to retarget.o(.text) for fputc
    printf5.o(i.__0vprintf$5) refers to retarget.o(.data) for __stdout
    printf5.o(i.__0vsnprintf$5) refers to printf5.o(i._printf_core) for _printf_core
    printf5.o(i.__0vsnprintf$5) refers to printf5.o(i._snputc) for _snputc
    printf5.o(i.__0vsprintf$5) refers to printf5.o(i._printf_core) for _printf_core
    printf5.o(i.__0vsprintf$5) refers to printf5.o(i._sputc) for _sputc
    printf5.o(i._printf_core) refers to printf1.o(i.__ARM_common_call_via_r2) for __ARM_common_call_via_r2
    printf5.o(i._printf_core) refers to uldiv.o(.text) for __aeabi_uldivmod
    printf6.o(i.__0fprintf$6) refers to printf6.o(i._printf_core) for _printf_core
    printf6.o(i.__0fprintf$6) refers to retarget.o(.text) for fputc
    printf6.o(i.__0printf$6) refers to printf6.o(i._printf_core) for _printf_core
    printf6.o(i.__0printf$6) refers to retarget.o(.text) for fputc
    printf6.o(i.__0printf$6) refers to retarget.o(.data) for __stdout
    printf6.o(i.__0snprintf$6) refers to printf6.o(i._printf_core) for _printf_core
    printf6.o(i.__0snprintf$6) refers to printf6.o(i._snputc) for _snputc
    printf6.o(i.__0sprintf$6) refers to printf6.o(i._printf_core) for _printf_core
    printf6.o(i.__0sprintf$6) refers to printf6.o(i._sputc) for _sputc
    printf6.o(i.__0vfprintf$6) refers to printf6.o(i._printf_core) for _printf_core
    printf6.o(i.__0vfprintf$6) refers to retarget.o(.text) for fputc
    printf6.o(i.__0vprintf$6) refers to printf6.o(i._printf_core) for _printf_core
    printf6.o(i.__0vprintf$6) refers to retarget.o(.text) for fputc
    printf6.o(i.__0vprintf$6) refers to retarget.o(.data) for __stdout
    printf6.o(i.__0vsnprintf$6) refers to printf6.o(i._printf_core) for _printf_core
    printf6.o(i.__0vsnprintf$6) refers to printf6.o(i._snputc) for _snputc
    printf6.o(i.__0vsprintf$6) refers to printf6.o(i._printf_core) for _printf_core
    printf6.o(i.__0vsprintf$6) refers to printf6.o(i._sputc) for _sputc
    printf6.o(i._printf_core) refers to printf1.o(i.__ARM_common_call_via_r2) for __ARM_common_call_via_r2
    printf6.o(i._printf_core) refers to printf6.o(i._printf_pre_padding) for _printf_pre_padding
    printf6.o(i._printf_core) refers to printf6.o(i._printf_post_padding) for _printf_post_padding
    printf6.o(i._printf_core) refers to uidiv.o(.text) for __aeabi_uidivmod
    printf6.o(i._printf_post_padding) refers to printfb.o(i.__ARM_common_call_via_r6) for __ARM_common_call_via_r6
    printf6.o(i._printf_pre_padding) refers to printfb.o(i.__ARM_common_call_via_r6) for __ARM_common_call_via_r6
    printf7.o(i.__0fprintf$7) refers to printf7.o(i._printf_core) for _printf_core
    printf7.o(i.__0fprintf$7) refers to retarget.o(.text) for fputc
    printf7.o(i.__0printf$7) refers to printf7.o(i._printf_core) for _printf_core
    printf7.o(i.__0printf$7) refers to retarget.o(.text) for fputc
    printf7.o(i.__0printf$7) refers to retarget.o(.data) for __stdout
    printf7.o(i.__0snprintf$7) refers to printf7.o(i._printf_core) for _printf_core
    printf7.o(i.__0snprintf$7) refers to printf7.o(i._snputc) for _snputc
    printf7.o(i.__0sprintf$7) refers to printf7.o(i._printf_core) for _printf_core
    printf7.o(i.__0sprintf$7) refers to printf7.o(i._sputc) for _sputc
    printf7.o(i.__0vfprintf$7) refers to printf7.o(i._printf_core) for _printf_core
    printf7.o(i.__0vfprintf$7) refers to retarget.o(.text) for fputc
    printf7.o(i.__0vprintf$7) refers to printf7.o(i._printf_core) for _printf_core
    printf7.o(i.__0vprintf$7) refers to retarget.o(.text) for fputc
    printf7.o(i.__0vprintf$7) refers to retarget.o(.data) for __stdout
    printf7.o(i.__0vsnprintf$7) refers to printf7.o(i._printf_core) for _printf_core
    printf7.o(i.__0vsnprintf$7) refers to printf7.o(i._snputc) for _snputc
    printf7.o(i.__0vsprintf$7) refers to printf7.o(i._printf_core) for _printf_core
    printf7.o(i.__0vsprintf$7) refers to printf7.o(i._sputc) for _sputc
    printf7.o(i._printf_core) refers to printf1.o(i.__ARM_common_call_via_r2) for __ARM_common_call_via_r2
    printf7.o(i._printf_core) refers to printf7.o(i._printf_pre_padding) for _printf_pre_padding
    printf7.o(i._printf_core) refers to printf7.o(i._printf_post_padding) for _printf_post_padding
    printf7.o(i._printf_core) refers to uldiv.o(.text) for __aeabi_uldivmod
    printf7.o(i._printf_post_padding) refers to printfb.o(i.__ARM_common_call_via_r6) for __ARM_common_call_via_r6
    printf7.o(i._printf_pre_padding) refers to printfb.o(i.__ARM_common_call_via_r6) for __ARM_common_call_via_r6
    printf8.o(i.__0fprintf$8) refers to printf8.o(i._printf_core) for _printf_core
    printf8.o(i.__0fprintf$8) refers to retarget.o(.text) for fputc
    printf8.o(i.__0printf$8) refers to printf8.o(i._printf_core) for _printf_core
    printf8.o(i.__0printf$8) refers to retarget.o(.text) for fputc
    printf8.o(i.__0printf$8) refers to retarget.o(.data) for __stdout
    printf8.o(i.__0snprintf$8) refers to printf8.o(i._printf_core) for _printf_core
    printf8.o(i.__0snprintf$8) refers to printf8.o(i._snputc) for _snputc
    printf8.o(i.__0sprintf$8) refers to printf8.o(i._printf_core) for _printf_core
    printf8.o(i.__0sprintf$8) refers to printf8.o(i._sputc) for _sputc
    printf8.o(i.__0vfprintf$8) refers to printf8.o(i._printf_core) for _printf_core
    printf8.o(i.__0vfprintf$8) refers to retarget.o(.text) for fputc
    printf8.o(i.__0vprintf$8) refers to printf8.o(i._printf_core) for _printf_core
    printf8.o(i.__0vprintf$8) refers to retarget.o(.text) for fputc
    printf8.o(i.__0vprintf$8) refers to retarget.o(.data) for __stdout
    printf8.o(i.__0vsnprintf$8) refers to printf8.o(i._printf_core) for _printf_core
    printf8.o(i.__0vsnprintf$8) refers to printf8.o(i._snputc) for _snputc
    printf8.o(i.__0vsprintf$8) refers to printf8.o(i._printf_core) for _printf_core
    printf8.o(i.__0vsprintf$8) refers to printf8.o(i._sputc) for _sputc
    printf8.o(i._printf_core) refers to printf1.o(i.__ARM_common_call_via_r2) for __ARM_common_call_via_r2
    printf8.o(i._printf_core) refers to printf8.o(i._printf_pre_padding) for _printf_pre_padding
    printf8.o(i._printf_core) refers to printf8.o(i._printf_post_padding) for _printf_post_padding
    printf8.o(i._printf_core) refers to uldiv.o(.text) for __aeabi_uldivmod
    printf8.o(i._printf_post_padding) refers to printfb.o(i.__ARM_common_call_via_r6) for __ARM_common_call_via_r6
    printf8.o(i._printf_pre_padding) refers to printfb.o(i.__ARM_common_call_via_r6) for __ARM_common_call_via_r6
    printfa.o(i.__0fprintf) refers (Special) to iusefp.o(.text) for __I$use$fp
    printfa.o(i.__0fprintf) refers to printfa.o(i._printf_core) for _printf_core
    printfa.o(i.__0fprintf) refers to retarget.o(.text) for fputc
    printfa.o(i.__0printf) refers (Special) to iusefp.o(.text) for __I$use$fp
    printfa.o(i.__0printf) refers to printfa.o(i._printf_core) for _printf_core
    printfa.o(i.__0printf) refers to retarget.o(.text) for fputc
    printfa.o(i.__0printf) refers to retarget.o(.data) for __stdout
    printfa.o(i.__0snprintf) refers (Special) to iusefp.o(.text) for __I$use$fp
    printfa.o(i.__0snprintf) refers to printfa.o(i._printf_core) for _printf_core
    printfa.o(i.__0snprintf) refers to printfa.o(i._snputc) for _snputc
    printfa.o(i.__0sprintf) refers (Special) to iusefp.o(.text) for __I$use$fp
    printfa.o(i.__0sprintf) refers to printfa.o(i._printf_core) for _printf_core
    printfa.o(i.__0sprintf) refers to printfa.o(i._sputc) for _sputc
    printfa.o(i.__0vfprintf) refers (Special) to iusefp.o(.text) for __I$use$fp
    printfa.o(i.__0vfprintf) refers to printfa.o(i._printf_core) for _printf_core
    printfa.o(i.__0vfprintf) refers to retarget.o(.text) for fputc
    printfa.o(i.__0vprintf) refers (Special) to iusefp.o(.text) for __I$use$fp
    printfa.o(i.__0vprintf) refers to printfa.o(i._printf_core) for _printf_core
    printfa.o(i.__0vprintf) refers to retarget.o(.text) for fputc
    printfa.o(i.__0vprintf) refers to retarget.o(.data) for __stdout
    printfa.o(i.__0vsnprintf) refers (Special) to iusefp.o(.text) for __I$use$fp
    printfa.o(i.__0vsnprintf) refers to printfa.o(i._printf_core) for _printf_core
    printfa.o(i.__0vsnprintf) refers to printfa.o(i._snputc) for _snputc
    printfa.o(i.__0vsprintf) refers (Special) to iusefp.o(.text) for __I$use$fp
    printfa.o(i.__0vsprintf) refers to printfa.o(i._printf_core) for _printf_core
    printfa.o(i.__0vsprintf) refers to printfa.o(i._sputc) for _sputc
    printfa.o(i._fp_digits) refers (Special) to iusefp.o(.text) for __I$use$fp
    printfa.o(i._fp_digits) refers to dmul.o(.text) for __aeabi_dmul
    printfa.o(i._fp_digits) refers to ddiv.o(.text) for __aeabi_ddiv
    printfa.o(i._fp_digits) refers to cdrcmple.o(.text) for __aeabi_cdrcmple
    printfa.o(i._fp_digits) refers to dadd.o(.text) for __aeabi_dadd
    printfa.o(i._fp_digits) refers to dfixul.o(.text) for __aeabi_d2ulz
    printfa.o(i._fp_digits) refers to uldiv.o(.text) for __aeabi_uldivmod
    printfa.o(i._printf_core) refers (Special) to iusefp.o(.text) for __I$use$fp
    printfa.o(i._printf_core) refers to printf1.o(i.__ARM_common_call_via_r2) for __ARM_common_call_via_r2
    printfa.o(i._printf_core) refers to printfa.o(i._printf_pre_padding) for _printf_pre_padding
    printfa.o(i._printf_core) refers to uldiv.o(.text) for __aeabi_uldivmod
    printfa.o(i._printf_core) refers to printfa.o(i._printf_post_padding) for _printf_post_padding
    printfa.o(i._printf_core) refers to printfa.o(i._fp_digits) for _fp_digits
    printfa.o(i._printf_core) refers to uidiv.o(.text) for __aeabi_uidivmod
    printfa.o(i._printf_post_padding) refers (Special) to iusefp.o(.text) for __I$use$fp
    printfa.o(i._printf_post_padding) refers to printfb.o(i.__ARM_common_call_via_r6) for __ARM_common_call_via_r6
    printfa.o(i._printf_pre_padding) refers (Special) to iusefp.o(.text) for __I$use$fp
    printfa.o(i._printf_pre_padding) refers to printfb.o(i.__ARM_common_call_via_r6) for __ARM_common_call_via_r6
    printfa.o(i._snputc) refers (Special) to iusefp.o(.text) for __I$use$fp
    printfa.o(i._sputc) refers (Special) to iusefp.o(.text) for __I$use$fp
    __0scanf.o(.text) refers to scanf_char_file.o(.text) for __vfscanf_char_file
    __0scanf.o(.text) refers to stdin.o(.data) for __stdin
    _scanf_int.o(.text) refers to _scanf_int.o(i.__ARM_common_call_via_r1) for __ARM_common_call_via_r1
    _scanf_int.o(.text) refers to _chval.o(.text) for _chval
    entry2.o(.ARM.Collect$$$$00000001) refers to entry2.o(.ARM.Collect$$$$00002712) for __lit__00000000
    entry2.o(.ARM.Collect$$$$00002712) refers to lpc2400.o(STACK) for __initial_sp
    entry5.o(.ARM.Collect$$$$00000004) refers to init.o(.text) for __scatterload
    entry9a.o(.ARM.Collect$$$$0000000B) refers to tastierproject.o(TastierProject) for main
    entry9b.o(.ARM.Collect$$$$0000000C) refers to tastierproject.o(TastierProject) for main
    idiv.o(.text) refers to uidiv.o(.text) for __aeabi_uidivmod
    uldiv.o(.text) refers to llushr.o(.text) for __aeabi_llsr
    uldiv.o(.text) refers to llshl.o(.text) for __aeabi_llsl
    scanf_char_file.o(.text) refers to scanf_char.o(.text) for __vfscanf_char
    scanf_char_file.o(.text) refers to retarget.o(.text) for fgetc
    dadd.o(.text) refers to llshl.o(.text) for __aeabi_llsl
    dadd.o(.text) refers to llsshr.o(.text) for __aeabi_lasr
    dadd.o(.text) refers to depilogue.o(.text) for _double_epilogue
    dmul.o(.text) refers to depilogue.o(.text) for _double_epilogue
    ddiv.o(.text) refers to depilogue.o(.text) for _double_round
    dfixul.o(.text) refers to llushr.o(.text) for __aeabi_llsr
    dfixul.o(.text) refers to llshl.o(.text) for __aeabi_llsl
    init.o(.text) refers to init.o(i.__ARM_common_call_via_r3) for __ARM_common_call_via_r3
    init.o(.text) refers to entry5.o(.ARM.Collect$$$$00000004) for __main_after_scatterload
    scanf_char.o(.text) refers to _scanf.o(.text) for __vfscanf
    scanf_char.o(.text) refers to isspace_c.o(.text) for isspace
    depilogue.o(.text) refers to depilogue.o(i.__ARM_clz) for __ARM_clz
    depilogue.o(.text) refers to llshl.o(.text) for __aeabi_llsl
    depilogue.o(.text) refers to llushr.o(.text) for __aeabi_llsr
    isspace_c.o(.text) refers to ctype_c.o(.text) for __ctype_lookup
    _scanf.o(.text) refers to printf1.o(i.__ARM_common_call_via_r2) for __ARM_common_call_via_r2
    _scanf.o(.text) refers to _scanf_int.o(i.__ARM_common_call_via_r1) for __ARM_common_call_via_r1
    _scanf.o(.text) refers (Weak) to _scanf_int.o(.text) for _scanf_int
    ctype_c.o(.text) refers to ctype_c.o(.constdata) for .constdata


==============================================================================

Removing Unused input sections from the image.

    Removing lpc2400.o(HEAP), (0 bytes).
    Removing dadd.o(.text), (360 bytes).
    Removing dmul.o(.text), (212 bytes).
    Removing ddiv.o(.text), (244 bytes).
    Removing dfixul.o(.text), (68 bytes).
    Removing cdrcmple.o(.text), (40 bytes).
    Removing depilogue.o(.text), (196 bytes).
    Removing depilogue.o(i.__ARM_clz), (46 bytes).

8 unused section(s) (total 1166 bytes) removed from the image.

==============================================================================

Adding Veneers to the image

    Adding AT veneer (8 bytes, Inline) for call to 'div' from tastiersupport.o(.text).
    Adding AT veneer (8 bytes, Inline) for call to '__0scanf' from tastiersupport.o(.text).
    Adding AT veneer (8 bytes, Inline) for call to '__scatterload' from entry5.o(.ARM.Collect$$$$00000004).
    Adding TA veneer (8 bytes, Short) for call to '__main_after_scatterload' from init.o(.text).
    Adding AT veneer (8 bytes, Inline) for call to '__2printf' from tastiersupport.o(.text).

5 Veneer(s) (total 40 bytes) added to the image.

==============================================================================

Image Symbol Table

    Local Symbols

    Symbol Name                              Value     Ov Type        Size  Object(Section)

    ../clib/../cmprslib/zerorunl.c           0x00000000   Number         0  __dczerorl.o ABSOLUTE
    ../clib/microlib/ctype/ctype.c           0x00000000   Number         0  ctype_c.o ABSOLUTE
    ../clib/microlib/ctype/ctype.c           0x00000000   Number         0  isspace_c.o ABSOLUTE
    ../clib/microlib/division.c              0x00000000   Number         0  uidiv.o ABSOLUTE
    ../clib/microlib/division.c              0x00000000   Number         0  uldiv.o ABSOLUTE
    ../clib/microlib/division.c              0x00000000   Number         0  idiv.o ABSOLUTE
    ../clib/microlib/init/entry.s            0x00000000   Number         0  entry2.o ABSOLUTE
    ../clib/microlib/init/entry.s            0x00000000   Number         0  entry8a.o ABSOLUTE
    ../clib/microlib/init/entry.s            0x00000000   Number         0  entry7b.o ABSOLUTE
    ../clib/microlib/init/entry.s            0x00000000   Number         0  entry7a.o ABSOLUTE
    ../clib/microlib/init/entry.s            0x00000000   Number         0  entry5.o ABSOLUTE
    ../clib/microlib/init/entry.s            0x00000000   Number         0  entry11a.o ABSOLUTE
    ../clib/microlib/init/entry.s            0x00000000   Number         0  entry10b.o ABSOLUTE
    ../clib/microlib/init/entry.s            0x00000000   Number         0  entry11b.o ABSOLUTE
    ../clib/microlib/init/entry.s            0x00000000   Number         0  entry.o ABSOLUTE
    ../clib/microlib/init/entry.s            0x00000000   Number         0  entry8b.o ABSOLUTE
    ../clib/microlib/init/entry.s            0x00000000   Number         0  entry9a.o ABSOLUTE
    ../clib/microlib/init/entry.s            0x00000000   Number         0  entry9b.o ABSOLUTE
    ../clib/microlib/init/entry.s            0x00000000   Number         0  entry10a.o ABSOLUTE
    ../clib/microlib/longlong.c              0x00000000   Number         0  llushr.o ABSOLUTE
    ../clib/microlib/longlong.c              0x00000000   Number         0  llshl.o ABSOLUTE
    ../clib/microlib/longlong.c              0x00000000   Number         0  llsshr.o ABSOLUTE
    ../clib/microlib/printf/printf.c         0x00000000   Number         0  printfb.o ABSOLUTE
    ../clib/microlib/printf/printf.c         0x00000000   Number         0  printf0.o ABSOLUTE
    ../clib/microlib/printf/printf.c         0x00000000   Number         0  printf2.o ABSOLUTE
    ../clib/microlib/printf/printf.c         0x00000000   Number         0  printf3.o ABSOLUTE
    ../clib/microlib/printf/printf.c         0x00000000   Number         0  printf4.o ABSOLUTE
    ../clib/microlib/printf/printf.c         0x00000000   Number         0  printf5.o ABSOLUTE
    ../clib/microlib/printf/printf.c         0x00000000   Number         0  printf6.o ABSOLUTE
    ../clib/microlib/printf/printf.c         0x00000000   Number         0  printf7.o ABSOLUTE
    ../clib/microlib/printf/printf.c         0x00000000   Number         0  printf8.o ABSOLUTE
    ../clib/microlib/printf/printf.c         0x00000000   Number         0  printf1.o ABSOLUTE
    ../clib/microlib/printf/printf.c         0x00000000   Number         0  printfa.o ABSOLUTE
    ../clib/microlib/printf/stubs.s          0x00000000   Number         0  stubs.o ABSOLUTE
    ../clib/microlib/stdio/streams.c         0x00000000   Number         0  stdin.o ABSOLUTE
    ../clib/microlib/stdlib/div.c            0x00000000   Number         0  sidiv.o ABSOLUTE
    ../clib/microlib/stdlib/div.c            0x00000000   Number         0  ildiv.o ABSOLUTE
    ../clib/microlib/stubs.s                 0x00000000   Number         0  useno.o ABSOLUTE
    ../clib/microlib/stubs.s                 0x00000000   Number         0  iusefp.o ABSOLUTE
    ../clib/scanf.c                          0x00000000   Number         0  _scanf.o ABSOLUTE
    ../clib/scanf.c                          0x00000000   Number         0  scanf_char.o ABSOLUTE
    ../clib/scanf.c                          0x00000000   Number         0  _chval.o ABSOLUTE
    ../clib/scanf.c                          0x00000000   Number         0  scanf_char_file.o ABSOLUTE
    ../clib/scanf.c                          0x00000000   Number         0  __0scanf.o ABSOLUTE
    ../clib/scanf.c                          0x00000000   Number         0  _scanf_int.o ABSOLUTE
    ../fplib/microlib/fpadd.c                0x00000000   Number         0  dadd.o ABSOLUTE
    ../fplib/microlib/fpdiv.c                0x00000000   Number         0  ddiv.o ABSOLUTE
    ../fplib/microlib/fpepilogue.c           0x00000000   Number         0  depilogue.o ABSOLUTE
    ../fplib/microlib/fpfix.c                0x00000000   Number         0  dfixul.o ABSOLUTE
    ../fplib/microlib/fpmul.c                0x00000000   Number         0  dmul.o ABSOLUTE
    LPC2400.s                                0x00000000   Number         0  lpc2400.o ABSOLUTE
    Retarget.c                               0x00000000   Number         0  retarget.o ABSOLUTE
    Serial.c                                 0x00000000   Number         0  serial.o ABSOLUTE
    TastierProject.s                         0x00000000   Number         0  tastierproject.o ABSOLUTE
    TastierSupport.c                         0x00000000   Number         0  tastiersupport.o ABSOLUTE
    cdrcmple.s                               0x00000000   Number         0  cdrcmple.o ABSOLUTE
    dc.s                                     0x00000000   Number         0  dc.o ABSOLUTE
    handlers.s                               0x00000000   Number         0  handlers.o ABSOLUTE
    init.s                                   0x00000000   Number         0  init.o ABSOLUTE
    RESET                                    0xa0000000   Section      240  lpc2400.o(RESET)
    Undef_Handler                            0xa0000040   ARM Code       4  lpc2400.o(RESET)
    SWI_Handler                              0xa0000044   ARM Code       4  lpc2400.o(RESET)
    PAbt_Handler                             0xa0000048   ARM Code       4  lpc2400.o(RESET)
    DAbt_Handler                             0xa000004c   ARM Code       4  lpc2400.o(RESET)
    IRQ_Handler                              0xa0000050   ARM Code       4  lpc2400.o(RESET)
    FIQ_Handler                              0xa0000054   ARM Code       4  lpc2400.o(RESET)
    .ARM.Collect$$$$00000000                 0xa00000f0   Section        0  entry.o(.ARM.Collect$$$$00000000)
    .ARM.Collect$$$$00000001                 0xa00000f0   Section        4  entry2.o(.ARM.Collect$$$$00000001)
    .ARM.Collect$$$$00000004                 0xa00000f4   Section        4  entry5.o(.ARM.Collect$$$$00000004)
    .ARM.Collect$$$$00000008                 0xa00000f8   Section        0  entry7b.o(.ARM.Collect$$$$00000008)
    .ARM.Collect$$$$0000000A                 0xa00000f8   Section        0  entry8b.o(.ARM.Collect$$$$0000000A)
    .ARM.Collect$$$$0000000B                 0xa00000f8   Section       12  entry9a.o(.ARM.Collect$$$$0000000B)
    .ARM.Collect$$$$0000000D                 0xa0000104   Section        0  entry10a.o(.ARM.Collect$$$$0000000D)
    .ARM.Collect$$$$0000000F                 0xa0000104   Section        0  entry11a.o(.ARM.Collect$$$$0000000F)
    .ARM.Collect$$$$00002712                 0xa0000104   Section        4  entry2.o(.ARM.Collect$$$$00002712)
    __lit__00000000                          0xa0000104   Data           4  entry2.o(.ARM.Collect$$$$00002712)
    .text                                    0xa0000108   Section        0  tastiersupport.o(.text)
    .text                                    0xa0000264   Section        0  serial.o(.text)
    .text                                    0xa000030c   Section        0  retarget.o(.text)
    .text                                    0xa00003b8   Section        0  sidiv.o(.text)
    .text                                    0xa00003d8   Section        0  __0scanf.o(.text)
    .text                                    0xa00003f8   Section        0  _scanf_int.o(.text)
    .text                                    0xa0000554   Section        0  uidiv.o(.text)
    .text                                    0xa0000582   Section        0  idiv.o(.text)
    .text                                    0xa00005ae   Section        0  _chval.o(.text)
    .text                                    0xa00005cc   Section        0  scanf_char_file.o(.text)
    .text                                    0xa00005f0   Section       32  init.o(.text)
    .text                                    0xa0000610   Section        0  scanf_char.o(.text)
    _scanf_char_input                        0xa0000611   Thumb Code    12  scanf_char.o(.text)
    .text                                    0xa0000640   Section        0  isspace_c.o(.text)
    .text                                    0xa0000654   Section        0  _scanf.o(.text)
    .text                                    0xa00009c0   Section        0  ctype_c.o(.text)
    .text                                    0xa00009e4   Section        0  __dczerorl.o(.text)
    TastierProject                           0xa0000a34   Section      540  tastierproject.o(TastierProject)
    i.__0printf$3                            0xa0000c60   Section        0  printf3.o(i.__0printf$3)
    i.__ARM_common_call_via_r1               0xa0000c80   Section        0  _scanf_int.o(i.__ARM_common_call_via_r1)
    i.__ARM_common_call_via_r2               0xa0000c82   Section        0  printf1.o(i.__ARM_common_call_via_r2)
    i.__ARM_common_call_via_r3               0xa0000c84   Section        2  init.o(i.__ARM_common_call_via_r3)
    i.__scatterload_copy                     0xa0000c88   Section       28  handlers.o(i.__scatterload_copy)
    i.__scatterload_null                     0xa0000ca4   Section        4  handlers.o(i.__scatterload_null)
    i.__scatterload_zeroinit                 0xa0000ca8   Section       24  handlers.o(i.__scatterload_zeroinit)
    i._printf_core                           0xa0000cc0   Section        0  printf3.o(i._printf_core)
    _printf_core                             0xa0000cc1   Thumb Code   472  printf3.o(i._printf_core)
    .constdata                               0xa0000e9c   Section       64  ctype_c.o(.constdata)
    .data                                    0xa1000000   Section        4  retarget.o(.data)
    .data                                    0xa1000004   Section        4  stdin.o(.data)
    Memory                                   0xa1000008   Section    20480  tastierproject.o(Memory)
    globals                                  0xa1000008   Data        4096  tastierproject.o(Memory)
    stack                                    0xa1001008   Data       16384  tastierproject.o(Memory)
    STACK                                    0xa1005008   Section     4360  lpc2400.o(STACK)
    Stack_Top                                0xa1006110   Data           0  lpc2400.o(STACK)

    Global Symbols

    Symbol Name                              Value     Ov Type        Size  Object(Section)

    BuildAttributes$$THM_ISAv1$ARM_ISAv4$S$PE$A:L22$X:L11$S22$IEEE1$IW$USESV6$~STKCKD$USESV7$~SHL$OSPACE$ROPI$EBA8$MICROLIB$REQ8$PRES8$EABIv2 0x00000000   Number         0  anon$$obj.o ABSOLUTE
    __use_no_errno                           0x00000000   Number         0  useno.o ABSOLUTE
    __use_no_exception_handling              0x00000000   Number         0  useno.o ABSOLUTE
    __use_no_fp                              0x00000000   Number         0  useno.o ABSOLUTE
    __use_no_heap                            0x00000000   Number         0  useno.o ABSOLUTE
    __use_no_heap_region                     0x00000000   Number         0  useno.o ABSOLUTE
    __use_no_semihosting                     0x00000000   Number         0  useno.o ABSOLUTE
    __use_no_semihosting_swi                 0x00000000   Number         0  useno.o ABSOLUTE
    __use_no_signal_handling                 0x00000000   Number         0  useno.o ABSOLUTE
    _printf_a                                0x00000000   Number         0  stubs.o ABSOLUTE
    _printf_c                                0x00000000   Number         0  stubs.o ABSOLUTE
    _printf_charcount                        0x00000000   Number         0  stubs.o ABSOLUTE
    _printf_d                                0x00000000   Number         0  stubs.o ABSOLUTE
    _printf_e                                0x00000000   Number         0  stubs.o ABSOLUTE
    _printf_f                                0x00000000   Number         0  stubs.o ABSOLUTE
    _printf_flags                            0x00000000   Number         0  stubs.o ABSOLUTE
    _printf_fp_dec                           0x00000000   Number         0  stubs.o ABSOLUTE
    _printf_fp_hex                           0x00000000   Number         0  stubs.o ABSOLUTE
    _printf_g                                0x00000000   Number         0  stubs.o ABSOLUTE
    _printf_i                                0x00000000   Number         0  stubs.o ABSOLUTE
    _printf_int_dec                          0x00000000   Number         0  stubs.o ABSOLUTE
    _printf_l                                0x00000000   Number         0  stubs.o ABSOLUTE
    _printf_lc                               0x00000000   Number         0  stubs.o ABSOLUTE
    _printf_ll                               0x00000000   Number         0  stubs.o ABSOLUTE
    _printf_lld                              0x00000000   Number         0  stubs.o ABSOLUTE
    _printf_lli                              0x00000000   Number         0  stubs.o ABSOLUTE
    _printf_llo                              0x00000000   Number         0  stubs.o ABSOLUTE
    _printf_llu                              0x00000000   Number         0  stubs.o ABSOLUTE
    _printf_llx                              0x00000000   Number         0  stubs.o ABSOLUTE
    _printf_longlong_dec                     0x00000000   Number         0  stubs.o ABSOLUTE
    _printf_longlong_hex                     0x00000000   Number         0  stubs.o ABSOLUTE
    _printf_longlong_oct                     0x00000000   Number         0  stubs.o ABSOLUTE
    _printf_ls                               0x00000000   Number         0  stubs.o ABSOLUTE
    _printf_mbtowc                           0x00000000   Number         0  stubs.o ABSOLUTE
    _printf_n                                0x00000000   Number         0  stubs.o ABSOLUTE
    _printf_o                                0x00000000   Number         0  stubs.o ABSOLUTE
    _printf_p                                0x00000000   Number         0  stubs.o ABSOLUTE
    _printf_percent                          0x00000000   Number         0  stubs.o ABSOLUTE
    _printf_pre_padding                      0x00000000   Number         0  stubs.o ABSOLUTE
    _printf_return_value                     0x00000000   Number         0  stubs.o ABSOLUTE
    _printf_s                                0x00000000   Number         0  stubs.o ABSOLUTE
    _printf_sizespec                         0x00000000   Number         0  stubs.o ABSOLUTE
    _printf_str                              0x00000000   Number         0  stubs.o ABSOLUTE
    _printf_truncate_signed                  0x00000000   Number         0  stubs.o ABSOLUTE
    _printf_truncate_unsigned                0x00000000   Number         0  stubs.o ABSOLUTE
    _printf_u                                0x00000000   Number         0  stubs.o ABSOLUTE
    _printf_wc                               0x00000000   Number         0  stubs.o ABSOLUTE
    _printf_wctomb                           0x00000000   Number         0  stubs.o ABSOLUTE
    _printf_widthprec                        0x00000000   Number         0  stubs.o ABSOLUTE
    _printf_x                                0x00000000   Number         0  stubs.o ABSOLUTE
    __cpp_initialize__aeabi_                  - Undefined Weak Reference
    __cxa_finalize                            - Undefined Weak Reference
    _clock_init                               - Undefined Weak Reference
    _microlib_exit                            - Undefined Weak Reference
    _scanf_longlong                           - Undefined Weak Reference
    _scanf_real                               - Undefined Weak Reference
    _scanf_string                             - Undefined Weak Reference
    Reset_Handler                            0xa0000058   ARM Code       0  lpc2400.o(RESET)
    __main                                   0xa00000f0   ARM Code       0  entry.o(.ARM.Collect$$$$00000000)
    _main_stk                                0xa00000f0   ARM Code       0  entry2.o(.ARM.Collect$$$$00000001)
    _main_scatterload                        0xa00000f4   ARM Code       0  entry5.o(.ARM.Collect$$$$00000004)
    __main_after_scatterload                 0xa00000f8   ARM Code       0  entry5.o(.ARM.Collect$$$$00000004)
    _main_clock                              0xa00000f8   ARM Code       0  entry7b.o(.ARM.Collect$$$$00000008)
    _main_cpp_init                           0xa00000f8   ARM Code       0  entry8b.o(.ARM.Collect$$$$0000000A)
    _main_init                               0xa00000f8   ARM Code       0  entry9a.o(.ARM.Collect$$$$0000000B)
    __rt_final_cpp                           0xa0000104   ARM Code       0  entry10a.o(.ARM.Collect$$$$0000000D)
    __rt_final_exit                          0xa0000104   ARM Code       0  entry11a.o(.ARM.Collect$$$$0000000F)
    TastierDiv                               0xa0000108   ARM Code      56  tastiersupport.o(.text)
    TastierMod                               0xa0000140   ARM Code      56  tastiersupport.o(.text)
    TastierPrintInt                          0xa0000178   ARM Code      28  tastiersupport.o(.text)
    TastierPrintIntLf                        0xa0000194   ARM Code      28  tastiersupport.o(.text)
    TastierPrintTrue                         0xa00001b0   ARM Code      20  tastiersupport.o(.text)
    TastierPrintTrueLf                       0xa00001c4   ARM Code      20  tastiersupport.o(.text)
    TastierPrintFalse                        0xa00001d8   ARM Code      20  tastiersupport.o(.text)
    TastierPrintFalseLf                      0xa00001ec   ARM Code      20  tastiersupport.o(.text)
    TastierPrintString                       0xa0000200   ARM Code      28  tastiersupport.o(.text)
    TastierReadInt                           0xa000021c   ARM Code      28  tastiersupport.o(.text)
    init_serial                              0xa0000264   ARM Code      88  serial.o(.text)
    sendchar                                 0xa00002bc   ARM Code      36  serial.o(.text)
    getkey                                   0xa00002e0   ARM Code      36  serial.o(.text)
    fputc                                    0xa000030c   ARM Code      28  retarget.o(.text)
    fgetc                                    0xa0000328   ARM Code      56  retarget.o(.text)
    __backspace                              0xa0000360   ARM Code      36  retarget.o(.text)
    ferror                                   0xa0000384   ARM Code      12  retarget.o(.text)
    _ttywrch                                 0xa0000390   ARM Code      24  retarget.o(.text)
    _sys_exit                                0xa00003a8   ARM Code       8  retarget.o(.text)
    Inline ARM to Thumb Veneer to div        0xa00003b0   ARM Code       8  sidiv.o(.text)
    div                                      0xa00003b9   Thumb Code    22  sidiv.o(.text)
    Inline ARM to Thumb Veneer to __0scanf   0xa00003d0   ARM Code       8  __0scanf.o(.text)
    __0scanf                                 0xa00003d9   Thumb Code    28  __0scanf.o(.text)
    _scanf_int                               0xa00003f9   Thumb Code   348  _scanf_int.o(.text)
    __aeabi_uidiv                            0xa0000555   Thumb Code     0  uidiv.o(.text)
    __aeabi_uidivmod                         0xa0000555   Thumb Code    46  uidiv.o(.text)
    __aeabi_idiv                             0xa0000583   Thumb Code     0  idiv.o(.text)
    __aeabi_idivmod                          0xa0000583   Thumb Code    44  idiv.o(.text)
    _chval                                   0xa00005af   Thumb Code    30  _chval.o(.text)
    __vfscanf_char_file                      0xa00005cd   Thumb Code    20  scanf_char_file.o(.text)
    Inline ARM to Thumb Veneer to __scatterload 0xa00005e8   ARM Code       8  init.o(.text)
    __scatterload                            0xa00005f1   Thumb Code    24  init.o(.text)
    __scatterload_rt2                        0xa00005f1   Thumb Code     0  init.o(.text)
    __vfscanf_char                           0xa000061d   Thumb Code    28  scanf_char.o(.text)
    isspace                                  0xa0000641   Thumb Code    20  isspace_c.o(.text)
    __vfscanf                                0xa0000655   Thumb Code   864  _scanf.o(.text)
    __ctype_lookup                           0xa00009c1   Thumb Code    32  ctype_c.o(.text)
    __decompress                             0xa00009e4   ARM Code       0  __dczerorl.o(.text)
    __decompress0                            0xa00009e4   ARM Code      80  __dczerorl.o(.text)
    main                                     0xa0000a34   ARM Code       0  tastierproject.o(TastierProject)
    Short Thumb to ARM Veneer to __main_after_scatterload 0xa0000c51   Thumb Code     8  anon$$obj.o(Veneer$$Code)
    Inline ARM to Thumb Veneer to __2printf  0xa0000c58   ARM Code       8  printf3.o(i.__0printf$3)
    __0printf$3                              0xa0000c61   Thumb Code    24  printf3.o(i.__0printf$3)
    __1printf$3                              0xa0000c61   Thumb Code     0  printf3.o(i.__0printf$3)
    __2printf                                0xa0000c61   Thumb Code     0  printf3.o(i.__0printf$3)
    __ARM_common_call_via_r1                 0xa0000c81   Thumb Code     2  _scanf_int.o(i.__ARM_common_call_via_r1)
    __ARM_common_call_via_r2                 0xa0000c83   Thumb Code     2  printf1.o(i.__ARM_common_call_via_r2)
    __ARM_common_call_via_r3                 0xa0000c85   Thumb Code     2  init.o(i.__ARM_common_call_via_r3)
    __scatterload_copy                       0xa0000c88   ARM Code      28  handlers.o(i.__scatterload_copy)
    __scatterload_null                       0xa0000ca4   ARM Code       4  handlers.o(i.__scatterload_null)
    __scatterload_zeroinit                   0xa0000ca8   ARM Code      24  handlers.o(i.__scatterload_zeroinit)
    __ctype_categories                       0xa0000e9c   Data          64  ctype_c.o(.constdata)
    Region$$Table$$Base                      0xa0000edc   Number         0  anon$$obj.o(Region$$Table)
    Region$$Table$$Limit                     0xa0000efc   Number         0  anon$$obj.o(Region$$Table)
    __stdout                                 0xa1000000   Data           4  retarget.o(.data)
    __stdin                                  0xa1000004   Data           4  stdin.o(.data)
    __initial_sp                             0xa1006008   Data         264  lpc2400.o(STACK)



==============================================================================

Memory Map of the image

  Image Entry point : 0xa00000f0

  Load Region LR_ROM1 (Base: 0xa0000000, Size: 0x00005f04, Max: 0x01000000, ABSOLUTE, COMPRESSED[0x00000fa0])

    Execution Region ER_ROM1 (Exec base: 0xa0000000, Load base: 0xa0000000, Size: 0x00000efc, Max: 0x01000000, ABSOLUTE)

    Exec Addr    Load Addr    Size         Type   Attr      Idx    E Section Name        Object

    0xa0000000   0xa0000000   0x000000f0   Code   RO            9    RESET               lpc2400.o
    0xa00000f0   0xa00000f0   0x00000000   Code   RO           75  * .ARM.Collect$$$$00000000  mc_t.l(entry.o)
    0xa00000f0   0xa00000f0   0x00000004   Code   RO          353    .ARM.Collect$$$$00000001  mc_t.l(entry2.o)
    0xa00000f4   0xa00000f4   0x00000004   Code   RO          355    .ARM.Collect$$$$00000004  mc_t.l(entry5.o)
    0xa00000f8   0xa00000f8   0x00000000   Code   RO          357    .ARM.Collect$$$$00000008  mc_t.l(entry7b.o)
    0xa00000f8   0xa00000f8   0x00000000   Code   RO          359    .ARM.Collect$$$$0000000A  mc_t.l(entry8b.o)
    0xa00000f8   0xa00000f8   0x0000000c   Code   RO          360    .ARM.Collect$$$$0000000B  mc_t.l(entry9a.o)
    0xa0000104   0xa0000104   0x00000000   Code   RO          362    .ARM.Collect$$$$0000000D  mc_t.l(entry10a.o)
    0xa0000104   0xa0000104   0x00000000   Code   RO          364    .ARM.Collect$$$$0000000F  mc_t.l(entry11a.o)
    0xa0000104   0xa0000104   0x00000004   Code   RO          354    .ARM.Collect$$$$00002712  mc_t.l(entry2.o)
    0xa0000108   0xa0000108   0x0000015c   Code   RO           12    .text               tastiersupport.o
    0xa0000264   0xa0000264   0x000000a8   Code   RO           32    .text               serial.o
    0xa000030c   0xa000030c   0x000000a4   Code   RO           47    .text               retarget.o
    0xa00003b0   0xa00003b0   0x00000008   Ven    RO           78    .text               mc_t.l(sidiv.o)
    0xa00003b8   0xa00003b8   0x00000016   Code   RO           78    .text               mc_t.l(sidiv.o)
    0xa00003ce   0xa00003ce   0x00000002   PAD
    0xa00003d0   0xa00003d0   0x00000008   Ven    RO          347    .text               mc_t.l(__0scanf.o)
    0xa00003d8   0xa00003d8   0x00000020   Code   RO          347    .text               mc_t.l(__0scanf.o)
    0xa00003f8   0xa00003f8   0x0000015c   Code   RO          349    .text               mc_t.l(_scanf_int.o)
    0xa0000554   0xa0000554   0x0000002e   Code   RO          367    .text               mc_t.l(uidiv.o)
    0xa0000582   0xa0000582   0x0000002c   Code   RO          369    .text               mc_t.l(idiv.o)
    0xa00005ae   0xa00005ae   0x0000001e   Code   RO          373    .text               mc_t.l(_chval.o)
    0xa00005cc   0xa00005cc   0x0000001c   Code   RO          375    .text               mc_t.l(scanf_char_file.o)
    0xa00005e8   0xa00005e8   0x00000008   Ven    RO          388    .text               mc_t.l(init.o)
    0xa00005f0   0xa00005f0   0x00000020   Code   RO          388    .text               mc_t.l(init.o)
    0xa0000610   0xa0000610   0x00000030   Code   RO          398    .text               mc_t.l(scanf_char.o)
    0xa0000640   0xa0000640   0x00000014   Code   RO          404    .text               mc_t.l(isspace_c.o)
    0xa0000654   0xa0000654   0x0000036c   Code   RO          406    .text               mc_t.l(_scanf.o)
    0xa00009c0   0xa00009c0   0x00000024   Code   RO          408    .text               mc_t.l(ctype_c.o)
    0xa00009e4   0xa00009e4   0x00000050   Code   RO          419    .text               mc_t.l(__dczerorl.o)
    0xa0000a34   0xa0000a34   0x0000021c   Code   RO            1    TastierProject      tastierproject.o
    0xa0000c50   0xa0000c50   0x00000008   Ven    RO          425    Veneer$$Code        anon$$obj.o
    0xa0000c58   0xa0000c58   0x00000008   Ven    RO          175    i.__0printf$3       mc_t.l(printf3.o)
    0xa0000c60   0xa0000c60   0x00000020   Code   RO          175    i.__0printf$3       mc_t.l(printf3.o)
    0xa0000c80   0xa0000c80   0x00000002   Code   RO          351    i.__ARM_common_call_via_r1  mc_t.l(_scanf_int.o)
    0xa0000c82   0xa0000c82   0x00000002   Code   RO          150    i.__ARM_common_call_via_r2  mc_t.l(printf1.o)
    0xa0000c84   0xa0000c84   0x00000002   Code   RO          390    i.__ARM_common_call_via_r3  mc_t.l(init.o)
    0xa0000c86   0xa0000c86   0x00000002   PAD
    0xa0000c88   0xa0000c88   0x0000001c   Code   RO          413    i.__scatterload_copy  mc_t.l(handlers.o)
    0xa0000ca4   0xa0000ca4   0x00000004   Code   RO          414    i.__scatterload_null  mc_t.l(handlers.o)
    0xa0000ca8   0xa0000ca8   0x00000018   Code   RO          415    i.__scatterload_zeroinit  mc_t.l(handlers.o)
    0xa0000cc0   0xa0000cc0   0x000001dc   Code   RO          182    i._printf_core      mc_t.l(printf3.o)
    0xa0000e9c   0xa0000e9c   0x00000040   Data   RO          409    .constdata          mc_t.l(ctype_c.o)
    0xa0000edc   0xa0000edc   0x00000020   Data   RO          411    Region$$Table       anon$$obj.o


    Execution Region RW_RAM1 (Exec base: 0xa1000000, Load base: 0xa0000efc, Size: 0x00006110, Max: 0x01000000, ABSOLUTE, COMPRESSED[0x000000a4])

    Exec Addr    Load Addr    Size         Type   Attr      Idx    E Section Name        Object

    0xa1000000   COMPRESSED   0x00000004   Data   RW           48    .data               retarget.o
    0xa1000004   COMPRESSED   0x00000004   Data   RW          366    .data               mc_t.l(stdin.o)
    0xa1000008   COMPRESSED   0x00005000   Data   RW            2    Memory              tastierproject.o
    0xa1005008        -       0x00001108   Zero   RW            7    STACK               lpc2400.o


==============================================================================

Image component sizes


      Code (inc. data)   RO Data    RW Data    ZI Data      Debug   Object Name

       240         48          0          0       4360        308   lpc2400.o
       164          0          0          4          0       3258   retarget.o
       168          8          0          0          0        742   serial.o
       540         12          0      20480          0        412   tastierproject.o
       348         44          0          0          0       5106   tastiersupport.o

    ----------------------------------------------------------------------
      1468        112         32      20484       4360       9826   Object Totals
         8          0         32          0          0          0   (incl. Generated)
         0          0          0          0          0          0   (incl. Padding)

    ----------------------------------------------------------------------

      Code (inc. data)   RO Data    RW Data    ZI Data      Debug   Library Member Name

        40          4          0          0          0         84   __0scanf.o
        80          0          0          0          0          0   __dczerorl.o
        30          0          0          0          0         60   _chval.o
       876         12          0          0          0        100   _scanf.o
       350          0          0          0          0        156   _scanf_int.o
        36          4         64          0          0         60   ctype_c.o
         0          0          0          0          0          0   entry.o
         0          0          0          0          0          0   entry10a.o
         0          0          0          0          0          0   entry11a.o
         8          4          0          0          0          0   entry2.o
         4          0          0          0          0          0   entry5.o
         0          0          0          0          0          0   entry7b.o
         0          0          0          0          0          0   entry8b.o
        12          4          0          0          0          0   entry9a.o
        56          0          0          0          0          0   handlers.o
        44          0          0          0          0         84   idiv.o
        42          8          0          0          0        136   init.o
        20          0          0          0          0         80   isspace_c.o
         2          0          0          0          0         60   printf1.o
       516         12          0          0          0        180   printf3.o
        48          8          0          0          0         96   scanf_char.o
        28          8          0          0          0         80   scanf_char_file.o
        30          0          0          0          0         80   sidiv.o
         0          0          0          4          0          0   stdin.o
        46          0          0          0          0         72   uidiv.o

    ----------------------------------------------------------------------
      2272         64         64          4          0       1328   Library Totals
         4          0          0          0          0          0   (incl. Padding)

    ----------------------------------------------------------------------

      Code (inc. data)   RO Data    RW Data    ZI Data      Debug   Library Name

      2268         64         64          4          0       1328   mc_t.l

    ----------------------------------------------------------------------
      2272         64         64          4          0       1328   Library Totals

    ----------------------------------------------------------------------

==============================================================================


      Code (inc. data)   RO Data    RW Data    ZI Data      Debug   

      3740        176         96      20488       4360      10658   Grand Totals
      3740        176         96        164       4360      10658   ELF Image Totals (compressed)
      3740        176         96        164          0          0   ROM Totals

==============================================================================

    Total RO  Size (Code + RO Data)                 3836 (   3.75kB)
    Total RW  Size (RW Data + ZI Data)             24848 (  24.27kB)
    Total ROM Size (Code + RO Data + RW Data)       4000 (   3.91kB)

==============================================================================

